// Jest Snapshot v1, https://goo.gl/fbAQLP

exports[`InputFile component checks snapshot 1`] = `
<DocumentFragment>
  <label
    class="inputFileLabel active"
    for="file"
  >
    <svg
      class="icon icon-tabler icon-tabler-download"
      fill="none"
      height="24"
      stroke="currentColor"
      stroke-linecap="round"
      stroke-linejoin="round"
      stroke-width="2"
      viewBox="0 0 24 24"
      width="24"
      xmlns="http://www.w3.org/2000/svg"
    >
      <path
        d="M0 0h24v24H0z"
        fill="none"
        stroke="none"
      />
      <path
        d="M4 17v2a2 2 0 0 0 2 2h12a2 2 0 0 0 2 -2v-2"
      />
      <polyline
        points="7 11 12 16 17 11"
      />
      <line
        x1="12"
        x2="12"
        y1="4"
        y2="16"
      />
    </svg>
    <span>
      filename.txt
    </span>
  </label>
  <input
    class="inputFile"
    data-testid="input-file"
    id="file"
    name="file"
    type="file"
  />
</DocumentFragment>
`;
